../Drivers/STM32WBxx_HAL_Driver/Inc/stm32wbxx_ll_rcc.h:1675:22:LL_RCC_LSE_SetDriveCapability	16	static
../Drivers/STM32WBxx_HAL_Driver/Inc/stm32wbxx_ll_bus.h:539:22:LL_AHB2_GRP1_EnableClock	24	static
../Drivers/STM32WBxx_HAL_Driver/Inc/stm32wbxx_ll_hsem.h:233:26:LL_HSEM_1StepLock	16	static
../Core/Src/main.c:80:6:print_pal_error	48	static
../Core/Src/main.c:87:15:rangingTest	88	static
../Core/Src/main.c:199:6:print_range_status	56	static
../Core/Src/main.c:220:5:main	376	static
../Core/Src/main.c:332:6:SystemClock_Config	112	static
../Core/Src/main.c:394:6:PeriphCommonClock_Config	88	static
../Core/Src/main.c:419:13:MX_I2C1_Init	8	static
../Core/Src/main.c:467:13:MX_IPCC_Init	8	static
../Core/Src/main.c:493:13:MX_RF_Init	4	static
../Core/Src/main.c:514:13:MX_RTC_Init	8	static
../Core/Src/main.c:550:13:MX_USART1_UART_Init	8	static
../Core/Src/main.c:598:13:MX_GPIO_Init	32	static
../Core/Src/main.c:650:6:Error_Handler	4	static,ignoring_inline_asm
