../Drivers/STM32WBxx_HAL_Driver/Inc/stm32wbxx_ll_rcc.h:1675:22:LL_RCC_LSE_SetDriveCapability	16	static
../Drivers/STM32WBxx_HAL_Driver/Inc/stm32wbxx_ll_bus.h:539:22:LL_AHB2_GRP1_EnableClock	24	static
../Drivers/STM32WBxx_HAL_Driver/Inc/stm32wbxx_ll_hsem.h:233:26:LL_HSEM_1StepLock	16	static
../Core/Src/main.c:81:6:print_pal_error	48	static
../Core/Src/main.c:88:15:rangingTest	64	static
../Core/Src/main.c:187:6:print_range_status	56	static
../Core/Src/main.c:208:5:main	384	static
../Core/Src/main.c:324:6:SystemClock_Config	112	static
../Core/Src/main.c:386:6:PeriphCommonClock_Config	88	static
../Core/Src/main.c:411:13:MX_I2C1_Init	8	static
../Core/Src/main.c:459:13:MX_IPCC_Init	8	static
../Core/Src/main.c:485:13:MX_RF_Init	4	static
../Core/Src/main.c:506:13:MX_RTC_Init	8	static
../Core/Src/main.c:542:13:MX_USART1_UART_Init	8	static
../Core/Src/main.c:590:13:MX_GPIO_Init	32	static
../Core/Src/main.c:642:6:Error_Handler	4	static,ignoring_inline_asm
